[backblue.gif]
[fade.gif]
[index.html]
[www.lighttek.com/images/4-bar2.gif]
[www.lighttek.com/images/4-top1.gif]
[www.lighttek.com/images/4-bar0.gif]
[www.lighttek.com/images/4-bar11.gif]
[www.lighttek.com/images/4-top2.gif]
[www.lighttek.com/images/newvers.png]
[www.lighttek.com/files/talisman.18.delayed]
[extreme-dm.com/i/index.html]
[www.lighttek.com/images/alteros.png]
[extreme-dm.com/z/index58e0.html]
[www.lighttek.com/files/alteros.zip]
[www.lighttek.com/images/limages.png]
[www.lighttek.com/files/limages.zip]
[www.lighttek.com/images/alttal-big.png]
[www.lighttek.com/images/ltcd2005.jpg]
[www.lighttek.com/images/4-right1.gif]
[www.lighttek.com/images/4-top3e.gif]
[www.lighttek.com/themes2/theme.jpg]
[www.lighttek.com/images/4-bottom-3.gif]
[www.lighttek.com/images/4-bottom-1.gif]
[www.lighttek.com/images/4-vline.gif]
[www.lighttek.com/images/brod2.jpg]
[www.lighttek.com/images/4-bottom-2.gif]
[www.lighttek.com/index.html]
[www.lighttek.com/images/t2.png]
[www.lighttek.com/images/t350.jpg]
[www.lighttek.com/images/t2_3.jpg]
[www.lighttek.com/images/thumb_f01.jpg]
[www.lighttek.com/images/t2_2.jpg]
[www.lighttek.com/images/thumb_f02.jpg]
[www.lighttek.com/images/t2_1.jpg]
[www.lighttek.com/images/thumb_f03.jpg]
[www.lighttek.com/talisman.html]
[www.lighttek.com/alteros/index.html]
[www.lighttek.com/download.html]
[www.lighttek.com/purchase.html]
[www.lighttek.com/support.html]
[www.lighttek.com/cd.html]
[www.lighttek.com/other.html]
[www.lighttek.com/limages.html]
[www.lighttek.com/french/index.html]
[www.lighttek.com/spain/index.html]
[www.lighttek.com/sweden/index.html]
[www.lighttek.com/portu/index.html]
[www.lighttek.com/rus/index.html]
[www.lighttek.com/german/index.html]
[www.lighttek.com/italian/index.html]
[www.lighttek.com/japan/index.html]
[www.lighttek.com/themes/themes.html]
[www.lighttek.com/lt.css]
[www.lighttek.com/talisman.html]
[www.lighttek.com/french/index.html]
[www.lighttek.com/files/talisman.zip]
